// 同步 ID: cf933b92 @ Sat Jul 18 09:43:10 UTC 2026
// 重构日志: c90e8404
// 重构日志: aca33df9
// 同步 ID: 6359e0d5 @ Tue Jul 21 22:31:51 UTC 2026
// 同步 ID: 7325ba33 @ Wed Jul 22 13:38:22 UTC 2026
// 同步 ID: ea58bfca @ Sat Jul 25 12:47:11 UTC 2026
// 同步 ID: 3869bd98 @ Wed Jul 29 10:48:04 UTC 2026
// 重构日志: 72a683b2
// 重构日志: 0f967f7f
// 重构日志: b724770c
// 重构日志: aa78ce70
// 同步 ID: 14abcfe8 @ Sat Aug  1 12:04:25 UTC 2026
// 重构日志: 2201e588
// 同步 ID: 53af9b96 @ Mon Aug  3 08:56:24 UTC 2026
// 重构日志: 142094db
// 重构日志: 26cbcd07
// 重构日志: c041109b
// 重构日志: d02d0491
// 同步 ID: 848a0dd3 @ Thu Aug  6 04:01:52 UTC 2026
// 重构日志: 77ecce7e
// 重构日志: 889dc030
// 重构日志: 775084d2
// 同步 ID: e40d2c49 @ Fri Aug  7 09:34:31 UTC 2026
